PS C:\samurai> git init git_challenge
Initialized empty Git repository in C:/samurai/git_challenge/.git/

PS C:\git_challenge> 

PS C:\git_challenge> cd C:/samurai/git_challenge

PS C:\samurai\git_challenge> git status
On branch main

No commits yet

Untracked files:
  (use "git add <file>..." to include in what will be committed)
        hello_world.txt

nothing added to commit but untracked files present (use "git add" to track)

PS C:\samurai\git_challenge> git add hello_world.txt 

PS C:\samurai\git_challenge> git commit -m "hello_world.txtを作成"
[main (root-commit) b7f29e9] hello_world.txtを作成
 1 file changed, 1 insertion(+)
 create mode 100644 hello_world.txt

PS C:\samurai\git_challenge> git status
On branch main
Changes not staged for commit:
  (use "git add <file>..." to update what will be committed)
  (use "git restore <file>..." to discard changes in working directory)
        modified:   hello_world.txt

no changes added to commit (use "git add" and/or "git commit -a")

PS C:\samurai\git_challenge> git add hello_world.txt 

PS C:\samurai\git_challenge> git commit -m "日本語訳を追加"
[main 2e0dfde] 日本語訳を追加
 1 file changed, 2 insertions(+), 1 deletion(-)

PS C:\samurai\git_challenge> git log --oneline
2e0dfde (HEAD -> main) 日本語訳を追加
b7f29e9 hello_world.txtを作成


